{
  "frame_ids": [
    0,
    16,
    32,
    48,
    64,
    80,
    96,
    112,
    128,
    144,
    160,
    176,
    192,
    208,
    224,
    240,
    256,
    272,
    288,
    304,
    320,
    336,
    352,
    368,
    384,
    400,
    416,
    432,
    448,
    464,
    480,
    496,
    512,
    528,
    544,
    560,
    576,
    592,
    608,
    624,
    640,
    656,
    672,
    688,
    704,
    720,
    736,
    752,
    768,
    784,
    800,
    816
  ],
  "features": [
    {
      "name": "RevealElement_position",
      "type": "dpOffset",
      "data_points": [
        {
          "type": "not_found"
        },
        {
          "type": "not_found"
        },
        {
          "type": "not_found"
        },
        {
          "x": 62.8,
          "y": 50
        },
        {
          "x": 62.8,
          "y": 50
        },
        {
          "x": 61.6,
          "y": 50
        },
        {
          "x": 60.8,
          "y": 50
        },
        {
          "x": 59.6,
          "y": 50
        },
        {
          "x": 58.4,
          "y": 50
        },
        {
          "x": 57.2,
          "y": 50
        },
        {
          "x": 56,
          "y": 50
        },
        {
          "x": 55.2,
          "y": 50
        },
        {
          "x": 54,
          "y": 50
        },
        {
          "x": 54,
          "y": 50
        },
        {
          "x": 52.8,
          "y": 50
        },
        {
          "x": 51.6,
          "y": 50
        },
        {
          "x": 50.4,
          "y": 50
        },
        {
          "x": 50,
          "y": 50
        },
        {
          "x": 50,
          "y": 50
        },
        {
          "x": 50,
          "y": 50
        },
        {
          "x": 50,
          "y": 50
        },
        {
          "x": 50,
          "y": 50
        },
        {
          "x": 50,
          "y": 50
        },
        {
          "x": 50,
          "y": 50
        },
        {
          "x": 50,
          "y": 50
        },
        {
          "x": 50,
          "y": 50
        },
        {
          "x": 50,
          "y": 50
        },
        {
          "x": 50,
          "y": 50
        },
        {
          "x": 50,
          "y": 50
        },
        {
          "x": 50,
          "y": 50
        },
        {
          "x": 50,
          "y": 50
        },
        {
          "x": 50,
          "y": 50
        },
        {
          "x": 50,
          "y": 50
        },
        {
          "x": 50,
          "y": 50
        },
        {
          "x": 50,
          "y": 50
        },
        {
          "x": 50,
          "y": 50
        },
        {
          "x": 50,
          "y": 50
        },
        {
          "x": 50,
          "y": 50
        },
        {
          "x": 50,
          "y": 50
        },
        {
          "x": 50,
          "y": 50
        },
        {
          "x": 50,
          "y": 50
        },
        {
          "x": 50,
          "y": 50
        },
        {
          "x": 50,
          "y": 50
        },
        {
          "x": 50,
          "y": 50
        },
        {
          "x": 50,
          "y": 50
        },
        {
          "x": 50,
          "y": 50
        },
        {
          "x": 50,
          "y": 50
        },
        {
          "x": 50,
          "y": 50
        },
        {
          "x": 50,
          "y": 50
        },
        {
          "x": 50,
          "y": 50
        },
        {
          "x": 50,
          "y": 50
        },
        {
          "x": 50,
          "y": 50
        }
      ]
    },
    {
      "name": "RevealElement_size",
      "type": "dpSize",
      "data_points": [
        {
          "type": "not_found"
        },
        {
          "type": "not_found"
        },
        {
          "type": "not_found"
        },
        {
          "width": 162.4,
          "height": 1.6
        },
        {
          "width": 162.4,
          "height": 1.6
        },
        {
          "width": 164.8,
          "height": 3.2
        },
        {
          "width": 166.8,
          "height": 4.8
        },
        {
          "width": 169.2,
          "height": 6.4
        },
        {
          "width": 171.6,
          "height": 8
        },
        {
          "width": 173.6,
          "height": 9.6
        },
        {
          "width": 176,
          "height": 11.2
        },
        {
          "width": 178,
          "height": 12.8
        },
        {
          "width": 180.4,
          "height": 14.4
        },
        {
          "width": 180.4,
          "height": 14.4
        },
        {
          "width": 182.8,
          "height": 16.4
        },
        {
          "width": 185.2,
          "height": 18
        },
        {
          "width": 187.2,
          "height": 19.6
        },
        {
          "width": 188,
          "height": 25.6
        },
        {
          "width": 188,
          "height": 36.4
        },
        {
          "width": 188,
          "height": 45.6
        },
        {
          "width": 188,
          "height": 59.2
        },
        {
          "width": 188,
          "height": 72.8
        },
        {
          "width": 188,
          "height": 79.6
        },
        {
          "width": 188,
          "height": 92.8
        },
        {
          "width": 188,
          "height": 104.4
        },
        {
          "width": 188,
          "height": 115.2
        },
        {
          "width": 188,
          "height": 125.2
        },
        {
          "width": 188,
          "height": 134.8
        },
        {
          "width": 188,
          "height": 143.2
        },
        {
          "width": 188,
          "height": 151.2
        },
        {
          "width": 188,
          "height": 158.8
        },
        {
          "width": 188,
          "height": 160
        },
        {
          "width": 188,
          "height": 167.2
        },
        {
          "width": 188,
          "height": 174.4
        },
        {
          "width": 188,
          "height": 180.8
        },
        {
          "width": 188,
          "height": 187.6
        },
        {
          "width": 188,
          "height": 188
        },
        {
          "width": 188,
          "height": 207.2
        },
        {
          "width": 188,
          "height": 240
        },
        {
          "width": 188,
          "height": 275.2
        },
        {
          "width": 188,
          "height": 306.8
        },
        {
          "width": 188,
          "height": 333.2
        },
        {
          "width": 188,
          "height": 353.6
        },
        {
          "width": 188,
          "height": 368.8
        },
        {
          "width": 188,
          "height": 380
        },
        {
          "width": 188,
          "height": 387.6
        },
        {
          "width": 188,
          "height": 392.4
        },
        {
          "width": 188,
          "height": 395.6
        },
        {
          "width": 188,
          "height": 398
        },
        {
          "width": 188,
          "height": 398.8
        },
        {
          "width": 188,
          "height": 399.6
        },
        {
          "width": 188,
          "height": 400
        }
      ]
    },
    {
      "name": "RevealElement_alpha",
      "type": "float",
      "data_points": [
        {
          "type": "not_found"
        },
        {
          "type": "not_found"
        },
        {
          "type": "not_found"
        },
        0,
        0,
        0,
        0,
        0.0067873597,
        0.0612576,
        0.19080025,
        0.39327443,
        0.5711931,
        0.70855826,
        0.8074064,
        0.8754226,
        0.9207788,
        0.95032376,
        0.9692185,
        0.98112255,
        0.9885286,
        1,
        1,
        1,
        1,
        1,
        1,
        1,
        1,
        1,
        1,
        1,
        1,
        1,
        1,
        1,
        1,
        1,
        1,
        1,
        1,
        1,
        1,
        1,
        1,
        1,
        1,
        1,
        1,
        1,
        1,
        1,
        1
      ]
    }
  ]
}