{
  "frame_ids": [
    0,
    16,
    32,
    48,
    64,
    80,
    96,
    112,
    128,
    144,
    160,
    176,
    192,
    208,
    224,
    240,
    256,
    272,
    288,
    304,
    320,
    336,
    352,
    368,
    384,
    400,
    416,
    432,
    448,
    464,
    480,
    496,
    512,
    528,
    544,
    560,
    576,
    592,
    608,
    624,
    640,
    656,
    672,
    688,
    704,
    720,
    736,
    752,
    768,
    784,
    800,
    816,
    832,
    848,
    864,
    880,
    896,
    912,
    928,
    944,
    960,
    976,
    992,
    1008,
    1024,
    1040,
    1056,
    1072,
    1088,
    1104
  ],
  "features": [
    {
      "name": "RevealElement_position",
      "type": "dpOffset",
      "data_points": [
        {
          "type": "not_found"
        },
        {
          "type": "not_found"
        },
        {
          "type": "not_found"
        },
        {
          "type": "not_found"
        },
        {
          "x": 62.8,
          "y": 50
        },
        {
          "x": 62,
          "y": 50
        },
        {
          "x": 61.2,
          "y": 50
        },
        {
          "x": 60.4,
          "y": 50
        },
        {
          "x": 59.6,
          "y": 50
        },
        {
          "x": 58.8,
          "y": 50
        },
        {
          "x": 58,
          "y": 50
        },
        {
          "x": 57.2,
          "y": 50
        },
        {
          "x": 56.4,
          "y": 50
        },
        {
          "x": 55.6,
          "y": 50
        },
        {
          "x": 55.2,
          "y": 50
        },
        {
          "x": 54.4,
          "y": 50
        },
        {
          "x": 53.6,
          "y": 50
        },
        {
          "x": 53.2,
          "y": 50
        },
        {
          "x": 52.8,
          "y": 50
        },
        {
          "x": 52,
          "y": 50
        },
        {
          "x": 51.6,
          "y": 50
        },
        {
          "x": 51.2,
          "y": 50
        },
        {
          "x": 50.8,
          "y": 50
        },
        {
          "x": 50.4,
          "y": 50
        },
        {
          "x": 50,
          "y": 50
        },
        {
          "x": 50,
          "y": 50
        },
        {
          "x": 50,
          "y": 50
        },
        {
          "x": 50,
          "y": 50
        },
        {
          "x": 50,
          "y": 50
        },
        {
          "x": 50,
          "y": 50
        },
        {
          "x": 50,
          "y": 50
        },
        {
          "x": 50,
          "y": 50
        },
        {
          "x": 50,
          "y": 50
        },
        {
          "x": 50,
          "y": 50
        },
        {
          "x": 50,
          "y": 50
        },
        {
          "x": 50,
          "y": 50
        },
        {
          "x": 50,
          "y": 50
        },
        {
          "x": 50,
          "y": 50
        },
        {
          "x": 50,
          "y": 50
        },
        {
          "x": 50,
          "y": 50
        },
        {
          "x": 50.4,
          "y": 50
        },
        {
          "x": 50.8,
          "y": 50
        },
        {
          "x": 51.2,
          "y": 50
        },
        {
          "x": 51.6,
          "y": 50
        },
        {
          "x": 52,
          "y": 50
        },
        {
          "x": 52.8,
          "y": 50
        },
        {
          "x": 53.2,
          "y": 50
        },
        {
          "x": 53.6,
          "y": 50
        },
        {
          "x": 54.4,
          "y": 50
        },
        {
          "x": 55.2,
          "y": 50
        },
        {
          "x": 55.6,
          "y": 50
        },
        {
          "x": 56.4,
          "y": 50
        },
        {
          "x": 57.2,
          "y": 50
        },
        {
          "x": 58,
          "y": 50
        },
        {
          "x": 58.8,
          "y": 50
        },
        {
          "x": 59.6,
          "y": 50
        },
        {
          "x": 60.4,
          "y": 50
        },
        {
          "x": 61.2,
          "y": 50
        },
        {
          "x": 62,
          "y": 50
        },
        {
          "x": 62.8,
          "y": 50
        },
        {
          "x": 63.6,
          "y": 50
        },
        {
          "x": 64,
          "y": 50
        },
        {
          "x": 64,
          "y": 50
        },
        {
          "x": 64,
          "y": 50
        },
        {
          "x": 64,
          "y": 50
        },
        {
          "x": 64,
          "y": 50
        },
        {
          "x": 64,
          "y": 50
        },
        {
          "x": 64,
          "y": 50
        },
        {
          "x": 64,
          "y": 50
        },
        {
          "x": 64,
          "y": 50
        }
      ]
    },
    {
      "name": "RevealElement_size",
      "type": "dpSize",
      "data_points": [
        {
          "type": "not_found"
        },
        {
          "type": "not_found"
        },
        {
          "type": "not_found"
        },
        {
          "type": "not_found"
        },
        {
          "width": 162.4,
          "height": 1.6
        },
        {
          "width": 164,
          "height": 2.8
        },
        {
          "width": 166,
          "height": 4
        },
        {
          "width": 167.6,
          "height": 5.2
        },
        {
          "width": 169.2,
          "height": 6.4
        },
        {
          "width": 170.8,
          "height": 7.6
        },
        {
          "width": 172.4,
          "height": 8.8
        },
        {
          "width": 174,
          "height": 10
        },
        {
          "width": 175.2,
          "height": 10.8
        },
        {
          "width": 176.8,
          "height": 12
        },
        {
          "width": 178,
          "height": 12.8
        },
        {
          "width": 179.2,
          "height": 13.6
        },
        {
          "width": 180.8,
          "height": 14.8
        },
        {
          "width": 182,
          "height": 15.6
        },
        {
          "width": 182.8,
          "height": 16.4
        },
        {
          "width": 184,
          "height": 17.2
        },
        {
          "width": 184.8,
          "height": 17.6
        },
        {
          "width": 186,
          "height": 18.4
        },
        {
          "width": 186.8,
          "height": 19.2
        },
        {
          "width": 187.6,
          "height": 19.6
        },
        {
          "width": 188,
          "height": 21.2
        },
        {
          "width": 188,
          "height": 24.8
        },
        {
          "width": 188,
          "height": 30
        },
        {
          "width": 188,
          "height": 38
        },
        {
          "width": 188,
          "height": 46
        },
        {
          "width": 188,
          "height": 54
        },
        {
          "width": 188,
          "height": 61.2
        },
        {
          "width": 188,
          "height": 66.8
        },
        {
          "width": 188,
          "height": 71.6
        },
        {
          "width": 188,
          "height": 75.6
        },
        {
          "width": 188,
          "height": 78
        },
        {
          "width": 188,
          "height": 79.6
        },
        {
          "width": 188,
          "height": 80.8
        },
        {
          "width": 188,
          "height": 80.8
        },
        {
          "width": 188,
          "height": 80.4
        },
        {
          "width": 188,
          "height": 79.6
        },
        {
          "width": 187.6,
          "height": 78
        },
        {
          "width": 186.8,
          "height": 76.4
        },
        {
          "width": 186,
          "height": 74
        },
        {
          "width": 184.8,
          "height": 71.6
        },
        {
          "width": 184,
          "height": 69.2
        },
        {
          "width": 182.8,
          "height": 66
        },
        {
          "width": 182,
          "height": 62.8
        },
        {
          "width": 180.8,
          "height": 59.2
        },
        {
          "width": 179.2,
          "height": 55.6
        },
        {
          "width": 178,
          "height": 52
        },
        {
          "width": 176.8,
          "height": 48
        },
        {
          "width": 175.2,
          "height": 44
        },
        {
          "width": 174,
          "height": 40
        },
        {
          "width": 172.4,
          "height": 37.6
        },
        {
          "width": 170.8,
          "height": 38
        },
        {
          "width": 169.2,
          "height": 30.4
        },
        {
          "width": 167.6,
          "height": 25.2
        },
        {
          "width": 166,
          "height": 20.4
        },
        {
          "width": 164,
          "height": 16
        },
        {
          "width": 162.4,
          "height": 12.4
        },
        {
          "width": 160.8,
          "height": 9.2
        },
        {
          "width": 160,
          "height": 6.8
        },
        {
          "width": 160,
          "height": 5.2
        },
        {
          "width": 160,
          "height": 3.6
        },
        {
          "width": 160,
          "height": 2.4
        },
        {
          "width": 160,
          "height": 1.6
        },
        {
          "width": 160,
          "height": 0.8
        },
        {
          "width": 160,
          "height": 0.4
        },
        {
          "width": 160,
          "height": 0.4
        },
        {
          "width": 160,
          "height": 0
        }
      ]
    },
    {
      "name": "RevealElement_alpha",
      "type": "float",
      "data_points": [
        {
          "type": "not_found"
        },
        {
          "type": "not_found"
        },
        {
          "type": "not_found"
        },
        {
          "type": "not_found"
        },
        0,
        0,
        0,
        0,
        0.012518823,
        0.0741024,
        0.2254293,
        0.42628878,
        0.5976641,
        0.7280312,
        0.82100236,
        0.8845844,
        0.9267946,
        0.95419544,
        0.9716705,
        0.98265487,
        0.98947525,
        1,
        1,
        1,
        1,
        1,
        1,
        1,
        1,
        1,
        1,
        1,
        1,
        1,
        1,
        1,
        1,
        1,
        1,
        1,
        1,
        1,
        1,
        1,
        1,
        1,
        1,
        1,
        1,
        1,
        1,
        1,
        1,
        1,
        1,
        1,
        0.9944124,
        0.9417388,
        0.8184184,
        0.6157812,
        0.4361611,
        0.2968906,
        0.19641554,
        0.12716137,
        0.080921985,
        0.050773025,
        0.03147719,
        0.019312752,
        0.011740655,
        0
      ]
    }
  ]
}