{
  "frame_ids": [
    0,
    16,
    32,
    48,
    64,
    80,
    96,
    112,
    128,
    144,
    160,
    176,
    192,
    208,
    224,
    240,
    256,
    272,
    288,
    304,
    320,
    336,
    352,
    368,
    384,
    400,
    416,
    432,
    448,
    464,
    480,
    496,
    512,
    528,
    544,
    560,
    576,
    592,
    608,
    624,
    640,
    656,
    672,
    688,
    704,
    720,
    736,
    752,
    768,
    784,
    800,
    816,
    832,
    848,
    864,
    880,
    896,
    912,
    928,
    944,
    960,
    976
  ],
  "features": [
    {
      "name": "RevealElement_position",
      "type": "dpOffset",
      "data_points": [
        {
          "x": 50,
          "y": 50
        },
        {
          "x": 50,
          "y": 50
        },
        {
          "x": 50.8,
          "y": 52
        },
        {
          "x": 50,
          "y": 50
        },
        {
          "x": 50,
          "y": 50
        },
        {
          "x": 50,
          "y": 50
        },
        {
          "x": 50,
          "y": 50
        },
        {
          "x": 50,
          "y": 50
        },
        {
          "x": 50,
          "y": 50
        },
        {
          "x": 50,
          "y": 50
        },
        {
          "x": 50,
          "y": 50
        },
        {
          "x": 50,
          "y": 50
        },
        {
          "x": 50,
          "y": 50
        },
        {
          "x": 50,
          "y": 50
        },
        {
          "x": 50,
          "y": 50
        },
        {
          "x": 50,
          "y": 50
        },
        {
          "x": 50,
          "y": 50
        },
        {
          "x": 50,
          "y": 50
        },
        {
          "x": 50,
          "y": 50
        },
        {
          "x": 50,
          "y": 50
        },
        {
          "x": 50,
          "y": 50
        },
        {
          "x": 50,
          "y": 50
        },
        {
          "x": 50,
          "y": 50
        },
        {
          "x": 50,
          "y": 50
        },
        {
          "x": 50,
          "y": 50
        },
        {
          "x": 50,
          "y": 50
        },
        {
          "x": 50,
          "y": 50
        },
        {
          "x": 50,
          "y": 50
        },
        {
          "x": 50,
          "y": 50
        },
        {
          "x": 50,
          "y": 50
        },
        {
          "x": 50,
          "y": 50
        },
        {
          "x": 50,
          "y": 50
        },
        {
          "x": 50,
          "y": 50
        },
        {
          "x": 50,
          "y": 50
        },
        {
          "x": 50,
          "y": 50
        },
        {
          "x": 50,
          "y": 50
        },
        {
          "x": 50,
          "y": 50
        },
        {
          "x": 50,
          "y": 50
        },
        {
          "x": 50,
          "y": 50
        },
        {
          "x": 50,
          "y": 50
        },
        {
          "x": 52.4,
          "y": 50
        },
        {
          "x": 55.6,
          "y": 50
        },
        {
          "x": 58.4,
          "y": 50
        },
        {
          "x": 60.4,
          "y": 50
        },
        {
          "x": 61.6,
          "y": 50
        },
        {
          "x": 62.8,
          "y": 50
        },
        {
          "x": 63.2,
          "y": 50
        },
        {
          "x": 63.6,
          "y": 50
        },
        {
          "x": 64,
          "y": 50
        },
        {
          "x": 64,
          "y": 50
        },
        {
          "x": 64,
          "y": 50
        },
        {
          "x": 64,
          "y": 50
        },
        {
          "x": 64,
          "y": 50
        },
        {
          "x": 64,
          "y": 50
        },
        {
          "x": 64,
          "y": 50
        },
        {
          "x": 64,
          "y": 50
        },
        {
          "x": 64,
          "y": 50
        },
        {
          "x": 64,
          "y": 50
        },
        {
          "x": 64,
          "y": 50
        },
        {
          "x": 64,
          "y": 50
        },
        {
          "x": 64,
          "y": 50
        },
        {
          "x": 64,
          "y": 50
        }
      ]
    },
    {
      "name": "RevealElement_size",
      "type": "dpSize",
      "data_points": [
        {
          "width": 188,
          "height": 400
        },
        {
          "width": 188,
          "height": 400
        },
        {
          "width": 188,
          "height": 400
        },
        {
          "width": 188,
          "height": 390
        },
        {
          "width": 188,
          "height": 390
        },
        {
          "width": 188,
          "height": 379.2
        },
        {
          "width": 188,
          "height": 371.2
        },
        {
          "width": 188,
          "height": 363.2
        },
        {
          "width": 188,
          "height": 355.2
        },
        {
          "width": 188,
          "height": 347.2
        },
        {
          "width": 188,
          "height": 339.2
        },
        {
          "width": 188,
          "height": 331.2
        },
        {
          "width": 188,
          "height": 323.2
        },
        {
          "width": 188,
          "height": 323.2
        },
        {
          "width": 188,
          "height": 314.8
        },
        {
          "width": 188,
          "height": 306.8
        },
        {
          "width": 188,
          "height": 298.8
        },
        {
          "width": 188,
          "height": 290.8
        },
        {
          "width": 188,
          "height": 282.8
        },
        {
          "width": 188,
          "height": 274.8
        },
        {
          "width": 188,
          "height": 266.8
        },
        {
          "width": 188,
          "height": 258.8
        },
        {
          "width": 188,
          "height": 258.8
        },
        {
          "width": 188,
          "height": 250.4
        },
        {
          "width": 188,
          "height": 242.4
        },
        {
          "width": 188,
          "height": 234.4
        },
        {
          "width": 188,
          "height": 226.4
        },
        {
          "width": 188,
          "height": 218.4
        },
        {
          "width": 188,
          "height": 210.4
        },
        {
          "width": 188,
          "height": 202.4
        },
        {
          "width": 188,
          "height": 194.4
        },
        {
          "width": 188,
          "height": 194.4
        },
        {
          "width": 188,
          "height": 185.6
        },
        {
          "width": 188,
          "height": 178
        },
        {
          "width": 188,
          "height": 170
        },
        {
          "width": 188,
          "height": 161.6
        },
        {
          "width": 188,
          "height": 161.6
        },
        {
          "width": 188,
          "height": 144.8
        },
        {
          "width": 188,
          "height": 118.8
        },
        {
          "width": 188,
          "height": 92
        },
        {
          "width": 183.6,
          "height": 68
        },
        {
          "width": 176.8,
          "height": 48.4
        },
        {
          "width": 171.6,
          "height": 32
        },
        {
          "width": 167.6,
          "height": 18
        },
        {
          "width": 164.8,
          "height": 8.8
        },
        {
          "width": 162.8,
          "height": 2.8
        },
        {
          "width": 161.6,
          "height": 0
        },
        {
          "width": 160.8,
          "height": 0
        },
        {
          "width": 160.4,
          "height": 0
        },
        {
          "width": 160,
          "height": 0
        },
        {
          "width": 160,
          "height": 0
        },
        {
          "width": 160,
          "height": 0
        },
        {
          "width": 160,
          "height": 0
        },
        {
          "width": 160,
          "height": 0
        },
        {
          "width": 160,
          "height": 0
        },
        {
          "width": 160,
          "height": 0
        },
        {
          "width": 160,
          "height": 0
        },
        {
          "width": 160,
          "height": 0
        },
        {
          "width": 160,
          "height": 0
        },
        {
          "width": 160,
          "height": 0
        },
        {
          "width": 160,
          "height": 0
        },
        {
          "width": 160,
          "height": 0
        }
      ]
    },
    {
      "name": "RevealElement_alpha",
      "type": "float",
      "data_points": [
        1,
        1,
        1,
        1,
        1,
        1,
        1,
        1,
        1,
        1,
        1,
        1,
        1,
        1,
        1,
        1,
        1,
        1,
        1,
        1,
        1,
        1,
        1,
        1,
        1,
        1,
        1,
        1,
        1,
        1,
        1,
        1,
        1,
        1,
        1,
        1,
        1,
        1,
        1,
        1,
        1,
        1,
        1,
        0.9967737,
        0.86538374,
        0.66414475,
        0.47619528,
        0.32686388,
        0.21757984,
        0.14153665,
        0.09041709,
        0.05691254,
        0.035380244,
        0.02175957,
        0.01325649,
        0.008007765,
        0,
        0,
        0,
        0,
        0,
        0
      ]
    }
  ]
}