{
  "frame_ids": [
    0,
    16,
    32,
    48,
    64,
    80,
    96,
    112,
    128,
    144,
    160,
    176,
    192,
    208,
    224,
    240,
    256,
    272,
    288,
    304,
    320,
    336,
    352,
    368,
    384,
    400,
    416,
    432,
    448,
    464,
    480,
    496,
    512,
    528,
    544,
    560,
    576,
    592,
    608,
    624,
    640,
    656,
    672,
    688,
    704,
    720,
    736,
    752,
    768,
    784,
    800,
    816,
    832,
    848,
    864,
    880,
    896,
    912,
    928,
    944,
    960,
    976,
    992
  ],
  "features": [
    {
      "name": "RevealElement_position",
      "type": "dpOffset",
      "data_points": [
        {
          "x": 50,
          "y": 50
        },
        {
          "x": 50,
          "y": 50
        },
        {
          "x": 50,
          "y": 50.4
        },
        {
          "x": 50,
          "y": 50
        },
        {
          "x": 50,
          "y": 50
        },
        {
          "x": 50,
          "y": 50
        },
        {
          "x": 50,
          "y": 50
        },
        {
          "x": 50,
          "y": 50
        },
        {
          "x": 50,
          "y": 50
        },
        {
          "x": 50,
          "y": 50
        },
        {
          "x": 50,
          "y": 50
        },
        {
          "x": 50,
          "y": 50
        },
        {
          "x": 50,
          "y": 50
        },
        {
          "x": 50,
          "y": 50
        },
        {
          "x": 50,
          "y": 50
        },
        {
          "x": 50,
          "y": 50
        },
        {
          "x": 50,
          "y": 50
        },
        {
          "x": 50,
          "y": 50
        },
        {
          "x": 50,
          "y": 50
        },
        {
          "x": 50,
          "y": 50
        },
        {
          "x": 50,
          "y": 50
        },
        {
          "x": 50,
          "y": 50
        },
        {
          "x": 50,
          "y": 50
        },
        {
          "x": 50,
          "y": 50
        },
        {
          "x": 50,
          "y": 50
        },
        {
          "x": 50,
          "y": 50
        },
        {
          "x": 50,
          "y": 50
        },
        {
          "x": 50,
          "y": 50
        },
        {
          "x": 50,
          "y": 50
        },
        {
          "x": 50,
          "y": 50
        },
        {
          "x": 50,
          "y": 50
        },
        {
          "x": 50,
          "y": 50
        },
        {
          "x": 50,
          "y": 50
        },
        {
          "x": 50,
          "y": 50
        },
        {
          "x": 50,
          "y": 50
        },
        {
          "x": 50,
          "y": 50
        },
        {
          "x": 50,
          "y": 50
        },
        {
          "x": 50,
          "y": 50
        },
        {
          "x": 50,
          "y": 50
        },
        {
          "x": 50,
          "y": 50
        },
        {
          "x": 50,
          "y": 50
        },
        {
          "x": 52.4,
          "y": 50
        },
        {
          "x": 56,
          "y": 50
        },
        {
          "x": 58.8,
          "y": 50
        },
        {
          "x": 60.8,
          "y": 50
        },
        {
          "x": 62,
          "y": 50
        },
        {
          "x": 62.8,
          "y": 50
        },
        {
          "x": 63.6,
          "y": 50
        },
        {
          "x": 64,
          "y": 50
        },
        {
          "x": 64,
          "y": 50
        },
        {
          "x": 64,
          "y": 50
        },
        {
          "x": 64,
          "y": 50
        },
        {
          "x": 64,
          "y": 50
        },
        {
          "x": 64,
          "y": 50
        },
        {
          "x": 64,
          "y": 50
        },
        {
          "x": 64,
          "y": 50
        },
        {
          "x": 64,
          "y": 50
        },
        {
          "x": 64,
          "y": 50
        },
        {
          "x": 64,
          "y": 50
        },
        {
          "x": 64,
          "y": 50
        },
        {
          "x": 64,
          "y": 50
        },
        {
          "x": 64,
          "y": 50
        },
        {
          "x": 64,
          "y": 50
        }
      ]
    },
    {
      "name": "RevealElement_size",
      "type": "dpSize",
      "data_points": [
        {
          "width": 188,
          "height": 400
        },
        {
          "width": 188,
          "height": 400
        },
        {
          "width": 188,
          "height": 400
        },
        {
          "width": 188,
          "height": 393.2
        },
        {
          "width": 188,
          "height": 393.2
        },
        {
          "width": 188,
          "height": 386
        },
        {
          "width": 188,
          "height": 379.6
        },
        {
          "width": 188,
          "height": 372.8
        },
        {
          "width": 188,
          "height": 366.8
        },
        {
          "width": 188,
          "height": 360.4
        },
        {
          "width": 188,
          "height": 354
        },
        {
          "width": 188,
          "height": 347.6
        },
        {
          "width": 188,
          "height": 341.2
        },
        {
          "width": 188,
          "height": 341.2
        },
        {
          "width": 188,
          "height": 334
        },
        {
          "width": 188,
          "height": 328
        },
        {
          "width": 188,
          "height": 321.6
        },
        {
          "width": 188,
          "height": 315.2
        },
        {
          "width": 188,
          "height": 308.8
        },
        {
          "width": 188,
          "height": 302.4
        },
        {
          "width": 188,
          "height": 296
        },
        {
          "width": 188,
          "height": 289.6
        },
        {
          "width": 188,
          "height": 289.6
        },
        {
          "width": 188,
          "height": 282.8
        },
        {
          "width": 188,
          "height": 276.4
        },
        {
          "width": 188,
          "height": 270
        },
        {
          "width": 188,
          "height": 263.6
        },
        {
          "width": 188,
          "height": 257.2
        },
        {
          "width": 188,
          "height": 250.8
        },
        {
          "width": 188,
          "height": 244.4
        },
        {
          "width": 188,
          "height": 238
        },
        {
          "width": 188,
          "height": 238
        },
        {
          "width": 188,
          "height": 231.2
        },
        {
          "width": 188,
          "height": 224.8
        },
        {
          "width": 188,
          "height": 218.4
        },
        {
          "width": 188,
          "height": 212
        },
        {
          "width": 188,
          "height": 212
        },
        {
          "width": 188,
          "height": 192.4
        },
        {
          "width": 188,
          "height": 159.6
        },
        {
          "width": 188,
          "height": 124.4
        },
        {
          "width": 188,
          "height": 92.8
        },
        {
          "width": 183.2,
          "height": 66.4
        },
        {
          "width": 176,
          "height": 46
        },
        {
          "width": 170.4,
          "height": 28.8
        },
        {
          "width": 166.8,
          "height": 15.2
        },
        {
          "width": 164,
          "height": 6.4
        },
        {
          "width": 162.4,
          "height": 0.8
        },
        {
          "width": 161.2,
          "height": 0
        },
        {
          "width": 160.4,
          "height": 0
        },
        {
          "width": 160,
          "height": 0
        },
        {
          "width": 160,
          "height": 0
        },
        {
          "width": 160,
          "height": 0
        },
        {
          "width": 160,
          "height": 0
        },
        {
          "width": 160,
          "height": 0
        },
        {
          "width": 160,
          "height": 0
        },
        {
          "width": 160,
          "height": 0
        },
        {
          "width": 160,
          "height": 0
        },
        {
          "width": 160,
          "height": 0
        },
        {
          "width": 160,
          "height": 0
        },
        {
          "width": 160,
          "height": 0
        },
        {
          "width": 160,
          "height": 0
        },
        {
          "width": 160,
          "height": 0
        },
        {
          "width": 160,
          "height": 0
        }
      ]
    },
    {
      "name": "RevealElement_alpha",
      "type": "float",
      "data_points": [
        1,
        1,
        1,
        1,
        1,
        1,
        1,
        1,
        1,
        1,
        1,
        1,
        1,
        1,
        1,
        1,
        1,
        1,
        1,
        1,
        1,
        1,
        1,
        1,
        1,
        1,
        1,
        1,
        1,
        1,
        1,
        1,
        1,
        1,
        1,
        1,
        1,
        1,
        1,
        1,
        1,
        1,
        1,
        1,
        0.9808927,
        0.8211168,
        0.61845565,
        0.43834114,
        0.29850912,
        0.19755232,
        0.12793064,
        0.08142871,
        0.051099956,
        0.031684637,
        0.019442618,
        0.011821032,
        0,
        0,
        0,
        0,
        0,
        0,
        0
      ]
    }
  ]
}