{
  "frame_ids": [
    0,
    16,
    32,
    48,
    64,
    80,
    96,
    112,
    128,
    144,
    160,
    176,
    192,
    208,
    224,
    240,
    256,
    272,
    288,
    304,
    320,
    336,
    352,
    368,
    384,
    400,
    416,
    432,
    448,
    464
  ],
  "features": [
    {
      "name": "RevealElement_position",
      "type": "dpOffset",
      "data_points": [
        {
          "x": 50,
          "y": 50
        },
        {
          "x": 50,
          "y": 50
        },
        {
          "x": 50,
          "y": 50
        },
        {
          "x": 50,
          "y": 50
        },
        {
          "x": 50,
          "y": 50
        },
        {
          "x": 50,
          "y": 50
        },
        {
          "x": 50,
          "y": 50
        },
        {
          "x": 50,
          "y": 50
        },
        {
          "x": 53.2,
          "y": 50
        },
        {
          "x": 57.2,
          "y": 50
        },
        {
          "x": 59.6,
          "y": 50
        },
        {
          "x": 61.6,
          "y": 50
        },
        {
          "x": 62.8,
          "y": 50
        },
        {
          "x": 63.6,
          "y": 50
        },
        {
          "x": 64,
          "y": 50
        },
        {
          "x": 64,
          "y": 50
        },
        {
          "x": 64,
          "y": 50
        },
        {
          "x": 64,
          "y": 50
        },
        {
          "x": 64,
          "y": 50
        },
        {
          "x": 64,
          "y": 50
        },
        {
          "x": 64,
          "y": 50
        },
        {
          "x": 64,
          "y": 50
        },
        {
          "x": 64,
          "y": 50
        },
        {
          "x": 64,
          "y": 50
        },
        {
          "x": 64,
          "y": 50
        },
        {
          "x": 64,
          "y": 50
        },
        {
          "x": 64,
          "y": 50
        },
        {
          "x": 64,
          "y": 50
        },
        {
          "x": 64,
          "y": 50
        },
        {
          "x": 64,
          "y": 50
        }
      ]
    },
    {
      "name": "RevealElement_size",
      "type": "dpSize",
      "data_points": [
        {
          "width": 188,
          "height": 400
        },
        {
          "width": 188,
          "height": 400
        },
        {
          "width": 188,
          "height": 372
        },
        {
          "width": 188,
          "height": 312.8
        },
        {
          "width": 188,
          "height": 246.8
        },
        {
          "width": 188,
          "height": 185.2
        },
        {
          "width": 188,
          "height": 133.6
        },
        {
          "width": 188,
          "height": 93.2
        },
        {
          "width": 181.6,
          "height": 62.8
        },
        {
          "width": 174,
          "height": 40.8
        },
        {
          "width": 168.8,
          "height": 22.4
        },
        {
          "width": 165.2,
          "height": 10
        },
        {
          "width": 162.8,
          "height": 2.4
        },
        {
          "width": 161.2,
          "height": 0
        },
        {
          "width": 160.4,
          "height": 0
        },
        {
          "width": 160,
          "height": 0
        },
        {
          "width": 160,
          "height": 0
        },
        {
          "width": 160,
          "height": 0
        },
        {
          "width": 160,
          "height": 0
        },
        {
          "width": 160,
          "height": 0
        },
        {
          "width": 160,
          "height": 0
        },
        {
          "width": 160,
          "height": 0
        },
        {
          "width": 160,
          "height": 0
        },
        {
          "width": 160,
          "height": 0
        },
        {
          "width": 160,
          "height": 0
        },
        {
          "width": 160,
          "height": 0
        },
        {
          "width": 160,
          "height": 0
        },
        {
          "width": 160,
          "height": 0
        },
        {
          "width": 160,
          "height": 0
        },
        {
          "width": 160,
          "height": 0
        }
      ]
    },
    {
      "name": "RevealElement_alpha",
      "type": "float",
      "data_points": [
        1,
        1,
        1,
        1,
        1,
        1,
        1,
        1,
        1,
        1,
        1,
        0.91758585,
        0.72435355,
        0.52812576,
        0.3665868,
        0.24600428,
        0.16102076,
        0.103373945,
        0.06533456,
        0.04075712,
        0.025142312,
        0.015358448,
        0.0092999935,
        0,
        0,
        0,
        0,
        0,
        0,
        0
      ]
    }
  ]
}