{
  "frame_ids": [
    0,
    16,
    32,
    48,
    64,
    80,
    96,
    112,
    128,
    144,
    160,
    176,
    192,
    208,
    224,
    240,
    256,
    272,
    288,
    304,
    320,
    336,
    352,
    368,
    384,
    400,
    416,
    432,
    448,
    464,
    480,
    496,
    512,
    528,
    544,
    560,
    576,
    592,
    608,
    624,
    640,
    656
  ],
  "features": [
    {
      "name": "RevealElement_position",
      "type": "dpOffset",
      "data_points": [
        {
          "x": 50,
          "y": 50
        },
        {
          "x": 50,
          "y": 50
        },
        {
          "x": 50,
          "y": 50
        },
        {
          "x": 50,
          "y": 50
        },
        {
          "x": 50,
          "y": 50
        },
        {
          "x": 50,
          "y": 50
        },
        {
          "x": 50,
          "y": 50
        },
        {
          "x": 50,
          "y": 50
        },
        {
          "x": 50,
          "y": 50
        },
        {
          "x": 50.4,
          "y": 50.8
        },
        {
          "x": 50,
          "y": 50
        },
        {
          "x": 50,
          "y": 50
        },
        {
          "x": 50,
          "y": 50
        },
        {
          "x": 50,
          "y": 50
        },
        {
          "x": 50,
          "y": 50
        },
        {
          "x": 50,
          "y": 50
        },
        {
          "x": 50,
          "y": 50
        },
        {
          "x": 50,
          "y": 50
        },
        {
          "x": 50,
          "y": 50
        },
        {
          "x": 50,
          "y": 50
        },
        {
          "x": 51.2,
          "y": 50
        },
        {
          "x": 55.6,
          "y": 50
        },
        {
          "x": 58.8,
          "y": 50
        },
        {
          "x": 60.8,
          "y": 50
        },
        {
          "x": 62,
          "y": 50
        },
        {
          "x": 63.2,
          "y": 50
        },
        {
          "x": 63.6,
          "y": 50
        },
        {
          "x": 64,
          "y": 50
        },
        {
          "x": 64,
          "y": 50
        },
        {
          "x": 64,
          "y": 50
        },
        {
          "x": 64,
          "y": 50
        },
        {
          "x": 64,
          "y": 50
        },
        {
          "x": 64,
          "y": 50
        },
        {
          "x": 64,
          "y": 50
        },
        {
          "x": 64,
          "y": 50
        },
        {
          "x": 64,
          "y": 50
        },
        {
          "x": 64,
          "y": 50
        },
        {
          "x": 64,
          "y": 50
        },
        {
          "x": 64,
          "y": 50
        },
        {
          "x": 64,
          "y": 50
        },
        {
          "x": 64,
          "y": 50
        },
        {
          "x": 64,
          "y": 50
        }
      ]
    },
    {
      "name": "RevealElement_size",
      "type": "dpSize",
      "data_points": [
        {
          "width": 188,
          "height": 400
        },
        {
          "width": 188,
          "height": 400
        },
        {
          "width": 188,
          "height": 400
        },
        {
          "width": 188,
          "height": 400
        },
        {
          "width": 188,
          "height": 400
        },
        {
          "width": 188,
          "height": 400
        },
        {
          "width": 188,
          "height": 400
        },
        {
          "width": 188,
          "height": 400
        },
        {
          "width": 188,
          "height": 400
        },
        {
          "width": 188,
          "height": 400
        },
        {
          "width": 188,
          "height": 389.6
        },
        {
          "width": 188,
          "height": 378.8
        },
        {
          "width": 188,
          "height": 366
        },
        {
          "width": 188,
          "height": 352
        },
        {
          "width": 188,
          "height": 352
        },
        {
          "width": 188,
          "height": 316.8
        },
        {
          "width": 188,
          "height": 261.2
        },
        {
          "width": 188,
          "height": 202.8
        },
        {
          "width": 188,
          "height": 150.8
        },
        {
          "width": 188,
          "height": 107.6
        },
        {
          "width": 186,
          "height": 74.4
        },
        {
          "width": 177.2,
          "height": 49.6
        },
        {
          "width": 170.8,
          "height": 29.6
        },
        {
          "width": 166.8,
          "height": 12.8
        },
        {
          "width": 164,
          "height": 2.4
        },
        {
          "width": 162,
          "height": 0
        },
        {
          "width": 160.8,
          "height": 0
        },
        {
          "width": 160.4,
          "height": 0
        },
        {
          "width": 160,
          "height": 0
        },
        {
          "width": 160,
          "height": 0
        },
        {
          "width": 160,
          "height": 0
        },
        {
          "width": 160,
          "height": 0
        },
        {
          "width": 160,
          "height": 0
        },
        {
          "width": 160,
          "height": 0
        },
        {
          "width": 160,
          "height": 0
        },
        {
          "width": 160,
          "height": 0
        },
        {
          "width": 160,
          "height": 0
        },
        {
          "width": 160,
          "height": 0
        },
        {
          "width": 160,
          "height": 0
        },
        {
          "width": 160,
          "height": 0
        },
        {
          "width": 160,
          "height": 0
        },
        {
          "width": 160,
          "height": 0
        }
      ]
    },
    {
      "name": "RevealElement_alpha",
      "type": "float",
      "data_points": [
        1,
        1,
        1,
        1,
        1,
        1,
        1,
        1,
        1,
        1,
        1,
        1,
        1,
        1,
        1,
        1,
        1,
        1,
        1,
        1,
        1,
        1,
        1,
        0.9833227,
        0.8263634,
        0.623688,
        0.44261706,
        0.3016883,
        0.1997872,
        0.12944388,
        0.08242595,
        0.051743627,
        0.032093227,
        0.019698441,
        0.0119793415,
        0,
        0,
        0,
        0,
        0,
        0,
        0
      ]
    }
  ]
}